[tunis-nextjs.netlify.app/home-dark.html]
[backblue.gif]
[fade.gif]
[index.html]
[tunis-nextjs.netlify.app/favicon.ico]
[tunis-nextjs.netlify.app/_next/static/css/f38b77f0ce870891.css]
[tunis-nextjs.netlify.app/_next/static/css/8f537d269742cbc8.css]
[tunis-nextjs.netlify.app/_next/static/chunks/polyfills-c67a75d1b6f99dc8.js]
[tunis-nextjs.netlify.app/_next/static/chunks/webpack-b0f11f3c4d5a06c5.js]
[tunis-nextjs.netlify.app/_next/static/chunks/framework-3b5a00d5d7e8d93b.js]
[tunis-nextjs.netlify.app/_next/static/chunks/main-a455256c0236c590.js]
[tunis-nextjs.netlify.app/_next/static/chunks/pages/_app-23db14df911908a9.js]
[tunis-nextjs.netlify.app/_next/static/chunks/675-c53794ad9e9ca32b.js]
[tunis-nextjs.netlify.app/_next/static/chunks/742-d6893190a68f34c4.js]
[tunis-nextjs.netlify.app/_next/static/chunks/122-d2e3baededd2b704.js]
[tunis-nextjs.netlify.app/_next/static/chunks/pages/home-dark-61cc2ac48c12ea3d.js]
[tunis-nextjs.netlify.app/_next/static/0ZqRe7tBvCi2JGIPEL5_U/_buildManifest.js]
[tunis-nextjs.netlify.app/_next/static/0ZqRe7tBvCi2JGIPEL5_U/_ssgManifest.js]
[tunis-nextjs.netlify.app/_ipx/w_48,q_75/_next/static/media/sun.e8a19ea6cfbe.png]
[tunis-nextjs.netlify.app/assets/img/hero/dark.jpg]
[tunis-nextjs.netlify.app/_ipx/w_640,q_75/_next/static/media/img-mobile.bffeb54a9e5e.jpg]
[tunis-nextjs.netlify.app/home-dark.html]
[tunis-nextjs.netlify.app/_next/static/media/fontawesome-webfont.e9955780.woff2]
[tunis-nextjs.netlify.app/_next/static/media/fontawesome-webfont.2b13baa7.eot]
[tunis-nextjs.netlify.app/_next/static/media/fontawesome-webfont.cf011583.woff]
[tunis-nextjs.netlify.app/_next/static/media/fontawesome-webfont.8a7cb27d.ttf]
[tunis-nextjs.netlify.app/_next/static/media/fontawesome-webfont.da909aa0.svg]
[tunis-nextjs.netlify.app/_next/static/media/rtl-hero.e249ff8c.jpg]
[tunis-nextjs.netlify.app/index.html]
[tunis-nextjs.netlify.app/_next/static/media/rtl-mobile.0acfd1b1.jpg]
[tunis-nextjs.netlify.app/_next/static/css/8f537d269742cbc8.css]
[tunis-nextjs.netlify.app/_next/static/media/ajax-loader.0b80f665.gif]
[tunis-nextjs.netlify.app/_next/static/media/slick.25572f22.eot]
[tunis-nextjs.netlify.app/_next/static/media/slick.25572f22d41d.eot]
[tunis-nextjs.netlify.app/_next/static/media/slick.653a4cbb.woff]
[tunis-nextjs.netlify.app/_next/static/media/slick.6aa1ee46.ttf]
[tunis-nextjs.netlify.app/_next/static/css/f38b77f0ce870891.css]
[tunis-nextjs.netlify.app/_next/static/media/slick.f895cfdf.svg]
[tunis-nextjs.netlify.app/_next/static/media/fontawesome-webfont.da909aa0.svg]
[tunis-nextjs.netlify.app/_next/static/chunks/664-860d4fb5fc32e7d0.js]
[tunis-nextjs.netlify.app/_next/static/chunks/pages/index-7029b8d7f8898cbb.js]
[tunis-nextjs.netlify.app/_ipx/w_3840,q_75/_next/static/media/dark.a1fef9e7e4dd.jpg]
[tunis-nextjs.netlify.app/home-rtl.html]
[tunis-nextjs.netlify.app/_ipx/w_3840,q_75/_next/static/media/rtl.7fb4279a2659.jpg]
[tunis-nextjs.netlify.app/index.html]
[tunis-nextjs.netlify.app/_next/static/media/slick.f895cfdf.svg]
[tunis-nextjs.netlify.app/home-rtl.html]
[tunis-nextjs.netlify.app/_next/static/chunks/pages/home-rtl-8de21c488e004c57.js]
